// Jest Snapshot v1, https://goo.gl/fbAQLP

exports[`renders correctly 1`] = `
<a
  className="c-user"
  href="/direct/testuser"
  rel="noopener noreferrer"
  target="_blank"
>
  @testuser
</a>
`;
